/ 7		.

/ kijk	,
https://www.youtube.com/watch?v=gSQXq2_j-mw / siraj ethereum

/ Install ethereumjs-testrpc web3

[eric@almond Node]$ git clone https://github.com/llSourcell/Your_First_Decentralized_Application.git
[eric@almond Your_First_Decentralized_Application]$ pwd
/home/eric/Devel/Node/Your_First_Decentralized_Application

/ lees	,
https://github.com/trufflesuite/ganache-cli

$ nvm use node

[eric@almond ^our_First_Decentralized_Application]$ npm install ethereumjs-testrpc web3

npm WARN deprecated ethereumjs-testrpc@6.0.3: ethereumjs-testrpc has been renamed to ganache-cli, please use this package from now on.
npm WARN deprecated fs-promise@2.0.3: Use mz or fs-extra^3.0 with Promise Support
npm WARN deprecated tar.gz@1.0.7: ⚠️  WARNING ⚠️ tar.gz module has been deprecated and your application is vulnerable. Please use tar module instead: https://npmjs.com/tar
npm WARN deprecated minimatch@0.3.0: Please update to minimatch 3.0.2 or higher to avoid a RegExp DoS issue

> scrypt@6.0.3 preinstall /home/eric/Devel/Node/Your_First_Decentralized_Application/node_modules/scrypt
> node node-scrypt-preinstall.js


> websocket@1.0.24 install /home/eric/Devel/Node/Your_First_Decentralized_Application/node_modules/websocket
> (node-gyp rebuild 2> builderror.log) || (exit 0)

make: Entering directory '/home/eric/Devel/Node/Your_First_Decentralized_Application/node_modules/websocket/build'
  CXX(target) Release/obj.target/bufferutil/src/bufferutil.o
  SOLINK_MODULE(target) Release/obj.target/bufferutil.node
  COPY Release/bufferutil.node
  CXX(target) Release/obj.target/validation/src/validation.o
  SOLINK_MODULE(target) Release/obj.target/validation.node
  COPY Release/validation.node
make: Leaving directory '/home/eric/Devel/Node/Your_First_Decentralized_Application/node_modules/websocket/build'

> sha3@1.2.0 install /home/eric/Devel/Node/Your_First_Decentralized_Application/node_modules/sha3
> node-gyp rebuild

gyp WARN download NVM_NODEJS_ORG_MIRROR is deprecated and will be removed in node-gyp v4, please use NODEJS_ORG_MIRROR
gyp WARN download NVM_NODEJS_ORG_MIRROR is deprecated and will be removed in node-gyp v4, please use NODEJS_ORG_MIRROR
gyp WARN download NVM_NODEJS_ORG_MIRROR is deprecated and will be removed in node-gyp v4, please use NODEJS_ORG_MIRROR
make: Entering directory '/home/eric/Devel/Node/Your_First_Decentralized_Application/node_modules/sha3/build'
  CXX(target) Release/obj.target/sha3/src/addon.o
../src/addon.cpp: In static member function ‘static Nan::NAN_METHOD_RETURN_TYPE SHA3Hash::New(Nan::NAN_METHOD_ARGS_TYPE)’:
../src/addon.cpp:59:58: warning: ‘v8::Local<v8::Object> v8::Function::NewInstance(int, v8::Local<v8::Value>*) const’ is deprecated: Use maybe version [-Wdeprecated-declarations]
    info.GetReturnValue().Set(cons->NewInstance(argc, argv));
                                                          ^
In file included from /home/eric/.node-gyp/8.1.2/include/node/v8.h:26:0,
                 from /home/eric/.node-gyp/8.1.2/include/node/node.h:63,
                 from ../src/addon.cpp:1:
/home/eric/.node-gyp/8.1.2/include/node/v8.h:3670:31: note: declared here
                 Local<Object> NewInstance(int argc, Local<Value> argv[]) const);
                               ^
/home/eric/.node-gyp/8.1.2/include/node/v8config.h:329:3: note: in definition of macro ‘V8_DEPRECATED’
   declarator __attribute__((deprecated(message)))
   ^
  CXX(target) Release/obj.target/sha3/src/displayIntermediateValues.o
  CXX(target) Release/obj.target/sha3/src/KeccakF-1600-reference.o
  CXX(target) Release/obj.target/sha3/src/KeccakNISTInterface.o
  CXX(target) Release/obj.target/sha3/src/KeccakSponge.o
  SOLINK_MODULE(target) Release/obj.target/sha3.node
  COPY Release/sha3.node
make: Leaving directory '/home/eric/Devel/Node/Your_First_Decentralized_Application/node_modules/sha3/build'

> scrypt@6.0.3 install /home/eric/Devel/Node/Your_First_Decentralized_Application/node_modules/scrypt
> node-gyp rebuild

gyp WARN download NVM_NODEJS_ORG_MIRROR is deprecated and will be removed in node-gyp v4, please use NODEJS_ORG_MIRROR
gyp WARN download NVM_NODEJS_ORG_MIRROR is deprecated and will be removed in node-gyp v4, please use NODEJS_ORG_MIRROR
gyp WARN download NVM_NODEJS_ORG_MIRROR is deprecated and will be removed in node-gyp v4, please use NODEJS_ORG_MIRROR
make: Entering directory '/home/eric/Devel/Node/Your_First_Decentralized_Application/node_modules/scrypt/build'
  SOLINK_MODULE(target) Release/obj.target/copied_files.node
  COPY Release/copied_files.node
  CC(target) Release/obj.target/scrypt_wrapper/src/util/memlimit.o
  CC(target) Release/obj.target/scrypt_wrapper/src/scryptwrapper/keyderivation.o
  CC(target) Release/obj.target/scrypt_wrapper/src/scryptwrapper/pickparams.o
  CC(target) Release/obj.target/scrypt_wrapper/src/scryptwrapper/hash.o
  AR(target) Release/obj.target/scrypt_wrapper.a
  COPY Release/scrypt_wrapper.a
  CC(target) Release/obj.target/scrypt_lib/scrypt/scrypt-1.2.0/lib/crypto/crypto_scrypt.o
  CC(target) Release/obj.target/scrypt_lib/scrypt/scrypt-1.2.0/lib/crypto/crypto_scrypt_smix.o
  CC(target) Release/obj.target/scrypt_lib/scrypt/scrypt-1.2.0/libcperciva/util/warnp.o
  CC(target) Release/obj.target/scrypt_lib/scrypt/scrypt-1.2.0/libcperciva/alg/sha256.o
  CC(target) Release/obj.target/scrypt_lib/scrypt/scrypt-1.2.0/libcperciva/util/insecure_memzero.o
  CC(target) Release/obj.target/scrypt_lib/scrypt/scrypt-1.2.0/lib/scryptenc/scryptenc_cpuperf.o
  AR(target) Release/obj.target/scrypt_lib.a
  COPY Release/scrypt_lib.a
  CXX(target) Release/obj.target/scrypt/src/node-boilerplate/scrypt_common.o
  CXX(target) Release/obj.target/scrypt/src/node-boilerplate/scrypt_params_async.o
  CXX(target) Release/obj.target/scrypt/src/node-boilerplate/scrypt_params_sync.o
  CXX(target) Release/obj.target/scrypt/src/node-boilerplate/scrypt_kdf_async.o
  CXX(target) Release/obj.target/scrypt/src/node-boilerplate/scrypt_kdf_sync.o
  CXX(target) Release/obj.target/scrypt/src/node-boilerplate/scrypt_kdf-verify_sync.o
  CXX(target) Release/obj.target/scrypt/src/node-boilerplate/scrypt_kdf-verify_async.o
  CXX(target) Release/obj.target/scrypt/src/node-boilerplate/scrypt_hash_sync.o
  CXX(target) Release/obj.target/scrypt/src/node-boilerplate/scrypt_hash_async.o
  CXX(target) Release/obj.target/scrypt/scrypt_node.o
  SOLINK_MODULE(target) Release/obj.target/scrypt.node
  COPY Release/scrypt.node
make: Leaving directory '/home/eric/Devel/Node/Your_First_Decentralized_Application/node_modules/scrypt/build'

> fsevents@1.1.3 install /home/eric/Devel/Node/Your_First_Decentralized_Application/node_modules/fsevents
> node install


> uglifyjs-webpack-plugin@0.4.6 postinstall /home/eric/Devel/Node/Your_First_Decentralized_Application/node_modules/uglifyjs-webpack-plugin
> node lib/post_install.js

npm WARN saveError ENOENT: no such file or directory, open '/home/eric/Devel/Node/Your_First_Decentralized_Application/package.json'
npm notice created a lockfile as package-lock.json. You should commit this file.
npm WARN enoent ENOENT: no such file or directory, open '/home/eric/Devel/Node/Your_First_Decentralized_Application/package.json'
npm WARN ethereumjs No description
npm WARN ethereumjs No repository field.
npm WARN ethereumjs No README data
npm WARN ethereumjs No license field.

+ ethereumjs-testrpc@6.0.3
+ web3@1.0.0-beta.26
added 611 packages in 66.009s

[eric@almond Your_First_Decentralized_Application]$ npm install solc
npm WARN saveError ENOENT: no such file or directory, open '/home/eric/Devel/Node/Your_First_Decentralized_Application/package.json'
npm WARN enoent ENOENT: no such file or directory, open '/home/eric/Devel/Node/Your_First_Decentralized_Application/package.json'
npm WARN Your_First_Decentralized_Application No description
npm WARN Your_First_Decentralized_Application No repository field.
npm WARN Your_First_Decentralized_Application No README data
npm WARN Your_First_Decentralized_Application No license field.

/ 13	. 


/ lees,	
http://solidity.readthedocs.io/
https://ethereum.stackexchange.com/questions/27181/remix-warnings-state-mutability-and-public-visibility

/ we maken een function 
* public	, 
* view , als hij de data niet verandert	, 

$ vi voting.sol

  function voteForCandidate(bytes32 candidate) public {
		...
    votesReceived[candidate] += 1;
  }

  function validCandidate(bytes32 candidate) public view returns (bool) {
    for(uint i = 0; i < candidateList.length; i++) {
      if (candidateList[i] == candidate) {
		...
  }

/ 13	. 

/ lees	,
https://medium.com/blockchannel/the-use-of-revert-assert-and-require-in-solidity-and-the-new-revert-opcode-in-the-evm-1a3a7990e06e	/ throw, revert, assert	, require	,

if(msg.sender != owner) { throw; }	/ deprecated	,

if(msg.sender != owner) { revert(); }
assert(msg.sender == owner);
require(msg.sender == owner);

/ In voting.sol hebben we throw vervangen door revert() en require(...)	, 
/ assert(...) TODO

/ 13	. 

$ vi voting.sol

pragma solidity ^0.4.19;
// We have to specify what version of compiler this code will compile with

contract Voting {
  /* mapping field below is equivalent to an associative array or hash.
  The key of the mapping is candidate name stored as type bytes32 and value is
  an unsigned integer to store the vote count
  */
  
  mapping (bytes32 => uint8) public votesReceived;
  
  /* Solidity doesn't let you pass in an array of strings in the constructor (yet).
  We will use an array of bytes32 instead to store the list of candidates
  */
  
  bytes32[] public candidateList;

  /* This is the constructor which will be called once when you
  deploy the contract to the blockchain. When we deploy the contract,
  we will pass an array of candidates who will be contesting in the election
  */
  function Voting(bytes32[] candidateNames) public {
    candidateList = candidateNames;
  }

  // This function returns the total votes a candidate has received so far
  function totalVotesFor(bytes32 candidate) public view returns (uint8) {
    if (validCandidate(candidate) == false) revert();
    return votesReceived[candidate];
  }

  // This function increments the vote count for the specified candidate. This
  // is equivalent to casting a vote
  function voteForCandidate(bytes32 candidate) public {
    require(validCandidate(candidate) == true); 
    votesReceived[candidate] += 1;
  }

  function validCandidate(bytes32 candidate) public view returns (bool) {
    for(uint i = 0; i < candidateList.length; i++) {
      if (candidateList[i] == candidate) {
        return true;
      }
    }
    return false;
  }
}


/ 13	. 

[eric@almond Your_First_Decentralized_Application]$ node

> Web3=require('web3')
{ [Function: Web3]
...
>  web3=new Web3(new Web3.providers.HttpProvider("http://localhost:8545"))
Web3 {
...
/ check	,
> web3.eth.accounts
Accounts {
...

> solc=require('solc')
{ version: [Function],
...

>  code=fs.readFileSync('voting.sol').toString()
'pragma solidity ^0.4.19;\n// ...
> compiledCode=solc.compile(code)
/ Deze 2 moeten we steeds doen	, als we voting.sol verbeteren	,

/ youtube,
programming ethereumjs-testrpc
/ kijk	, 
https://www.youtube.com/watch?v=bdva3Vw-gl8


$ nvm use node
$ testrpc

[eric@almond Your_First_Decentralized_Application]$ ./node_modules/.bin/testrpc 
EthereumJS TestRPC v6.0.3 (ganache-core: 2.0.2)

Available Accounts
==================
(0) 0x32e5f47ad77b02228bef493012b895abe82996df
(1) 0x55b871e87a7b4bd5ba436423af399b00702de8ee
(2) 0x728dfe3928eb3073e2443a710a04dcfd9ec58fb2
(3) 0x51e9f6eaff4511baba00f09158abeaad82267dc5
(4) 0x2ab1737c9ad7c0e73b85a4071088a231a06b053f
(5) 0x6c0e9cb7809e11438e8c8b70fcd517bf06ff4b91
(6) 0x02d6101f1d23df26112b0b9d50d83c745d5c6265
(7) 0xde0ec13d3b457f6a92db009b15edb90782f8ecee
(8) 0xb732ac99642a1bd4c043f24df7dd3e847512a44e
(9) 0x8a31e044fa10d040556c241dd7a07f14c0f16b75

Private Keys
==================
(0) 09321cdb7a847b329c3fa8ed9a001f17a70abb2dce43a6fdec93373f1d86a683
(1) aee22e39fa822d7910aa6f9ae20ac803b311cab35b1e84e432f64644d133fe00
(2) 91293bc18cb2e5e1bdff66742dc10f2bc10602ae70db81ad868a898441fe721a
(3) 6c2f6b88b20f0ccb429090507139c1ac2a9061c11b3f52933c51269912341a21
(4) 4b610878aac6b5593c510eb7cb14fa1af95db6ef816fa59db72c3298e14dcd72
(5) c9dce3784d59034270e656cf1d2d43169f61dfd7bd84da55d11987d37f650123
(6) df360908341ae33ef62a05289953f7d59436b496d0cf2517a61ad3d0a9dcc11f
(7) 4d500b356fd8a420dd9ac7ded1f7c82096e030d63b4bcf2d2e25fc0d3fc5c7a1
(8) f6ead0711d003de815a0938abaea81aa8d1f80f2152a84818f5d5c9ec26bfefb
(9) 8217b9c9df528e05fb02bac8bbdcbba8ef64cb3614cc15e6df0699c3a7e7a558

HD Wallet
==================
Mnemonic:      avocado lawn object miracle outdoor reduce tomorrow expose caught clock hammer dad
Base HD Path:  m/44'/60'/0'/0/{account_index}

Listening on localhost:8545
eth_call
eth_call
eth_call
eth_accounts
eth_sendTransaction

  Transaction: 0xacbc1722886aa738d15a3b3c7e54f2b8110ec494d7641f24c99381d05a7ad919
  Gas usage: 21656
  Block Number: 1
  Block Time: Sat Dec 09 2017 17:45:30 GMT+0100 (CET)

eth_call
eth_accounts
eth_sendTransaction

  Transaction: 0xf85053d8c34c9eee888c0b892ee22464c0522e0e9376c98194474b1bc1165f5e
  Gas usage: 21656
  Block Number: 2
  Block Time: Sat Dec 09 2017 17:45:41 GMT+0100 (CET)

eth_call

/ in chrome	,
file:///home/eric/Devel/Node/Your_First_Decentralized_Application/index.html#
/ Hierboven zien we dat we 2 keer voted hebben, 
/ maar op de website zien we de votes niet	,
/ TODO 



/ lees	,
https://ethereum.stackexchange.com/questions/9938/unable-to-connect-ethereum-node-even-rpc-port-8545-is-open/9943
https://github.com/trufflesuite/truffle
https://github.com/trufflesuite/truffle/blob/develop/README.md
http://truffleframework.com/docs/getting_started/client
http://truffleframework.com/ganache/

/ lees	,
https://github.com/ethereum/go-ethereum/wiki/geth
https://github.com/ethereum/go-ethereum

/ youtube,
programming ethereumjs-testrpc
/ kijk	,
https://www.youtube.com/watch?v=bdva3Vw-gl8				 / part 1	,
https://www.youtube.com/watch?v=lQ4USRtzWko&t=16s	 / part 2	,
->
https://blog.zeppelin.solutions/the-hitchhikers-guide-to-smart-contracts-in-ethereum-848f08001f05
/ in	,
https://blog.zeppelin.solutions/

https://www.youtube.com/watch?v=TC-bDQZbXd0	 ! ethereum met andere tools	,

/ lees over puzzle in blockchain	,
https://3583bytesready.net/2016/09/06/hash-puzzes-proofs-work-bitcoin/

https://www.youtube.com/watch?v=hcTPjpPvas8	/ ethereum-testrpc

https://www.youtube.com/watch?v=66SaEDzlmP4
->
https://gitter.im/ethereum/home





 



