/ 7	. 

/ oxygen-2	, workspace-maven	, 

/ parent,	Maven, update project	

Errors occurred during the build.
Errors running builder 'CDI (Contexts and Dependency Injection) Builder' on project 'simple-weather'.
Unknown tag! pos=40 poolCount = 47
/ TODO

/ 7	. 

/ NIET:

export GDK_BACKEND=x11
./eclipse


/ 7	. 

/ we hebben $ mvn clean package gedaan in eclipse	, en deployed in tomcat	,
/ maar we zien error	,

/ lees	,
https://unix.stackexchange.com/questions/229188/journalctl-how-to-prevent-text-from-truncating-in-terminal

[root@almond ~]# journalctl -xn --no-pager
...

/ 7	. 

https://resources.oreilly.com/examples/9780596517335

/ we copy geen ws	, maar maken opnieuw	,

/ nieuwe dir	, de oude ws heet workspace-maven0	,
[eric@almond workspace-maven1]$ pwd
/home/eric/Devel/Eclipse/oxygen-2/workspace-maven1
[eric@almond workspace-maven1]$ git clone https://resources.oreilly.com/examples/9780596517335.git  

/ import existing maven project	,
root directory: /home/eric/Devel/Eclipse/oxygen-2/workspace-maven1/9780596517335/mavenbook-examples-1-SNAPSHOT/ch07-multi-spring 
/ TODO Problemen	,

/ we maken een nieuwe ws workspace-maven2	, 

[eric@almond maven]$ pwd
/home/eric/Devel/Java/maven
[eric@almond maven]$ git clone https://github.com/sonatype/maven-example-en.git

/ import existing maven project	,
Root Directory: /home/eric/Devel/Java/maven/maven-example-en/examples/ch-multi-spring

/ we zien ERR	,
Errors occurred during the build.
Errors running builder 'CDI (Contexts and Dependency Injection) Builder' on project 'simple-weather'.
Unknown tag! pos=40 poolCount = 47
/ TODO

Project configuration is not up-to-date with pom.xml. Select: Maven->Update Project... from the project context menu or use Quick Fix.
/ TODO
/ Wat is Project configuration?
/ Kies proj. parent	, en doe Maven, Update Project...

/ 7	. 

[eric@almond oxygen-2]$ pwd
/home/eric/Devel/Eclipse/oxygen-2
[eric@almond oxygen-2]$ eclipse/eclipse
/ OK
/ bij verplaatsen windows wordt scherm zwart, maar is OK	,
/ set NIET GDK_BACKEND=x11

/ ga naar	, 
https://www.eclipse.org/
/ klik orange button rechtsboven Download	,
https://www.eclipse.org/downloads
/ we zien	,
Get Eclipse IDE 2019â€‘03
Install your favorite desktop IDE packages.
Download 64 bit
Download Packages | Need Help?
/ klik Download Packages,
https://www.eclipse.org/downloads/packages/
/ we zien rechts in het midden:
MORE DOWNLOADS
Other builds
Eclipse 2018-12 (4.10)
Eclipse 2018-09 (4.9)
Eclipse Photon (4.8)
Eclipse Oxygen (4.7)
Eclipse Neon (4.6)
Eclipse Mars (4.5)
Eclipse Luna (4.4)
Eclipse Kepler (4.3)
Older Versions

/ en	,
RELATED LINKS
Compare & Combine Packages
New and Noteworthy
Install Guide
Documentation
Updating Eclipse
Forums
Simultaneous Release
